// Jest Snapshot v1, https://goo.gl/fbAQLP

exports[`matches snapshot 1`] = `
<DocumentFragment>
  <div
    class="BoxList"
  />
  <form
    class="NewBoxForm"
  >
    <div>
      <input
        id="color"
        name="color"
        placeholder="Box color"
        type="color"
        value="red"
      />
    </div>
    <div>
      <input
        id="height"
        name="height"
        placeholder="Box height"
        type="number"
        value=""
      />
    </div>
    <div>
      <input
        id="width"
        name="width"
        placeholder="Box width"
        type="number"
        value=""
      />
    </div>
    <button>
      Add Box!
    </button>
  </form>
</DocumentFragment>
`;
